Script started on 2026-09-15 21:16:54+00:00 [COMMAND="./main" TERM="linux" TTY="/dev/tty1" COLUMNS="160" LINES="50"]

Player 1 : 0	Player 2 : 0	Player 3 : 0	Player 4 : 0	

PLAYER 0 DREW

PLAYER 1 DREW

PLAYER 2 DREW

PLAYER 3 DREW

TABLE:	B9	S4	S1	B6
Player 0 Hand:	C1	C10	B10
TURN CALL
  PRIO 0 HANDPOS 0    PRIO 0 HANDPOS 1    PRIO 0 HANDPOS 2    PRIO 1 HANDPOS 0    PRIO 1 HANDPOS 1    PRIO 1 HANDPOS 2    PRIO 2 HANDPOS 0    PRIO 2 HANDPOS 1    PRIO 2 HANDPOS 2    PRIO 3 HANDPOS 0    PRIO 3 HANDPOS 1    PRIO 3 HANDPOS 2    PRIO 4 HANDPOS 0    PRIO 4 HANDPOS 1    PRIO 4 HANDPOS 2    PRIO 5 HANDPOS 0    PRIO 5 HANDPOS 1    PRIO 5 HANDPOS 2    PRIO 6 HANDPOS 0    PRIO 6 HANDPOS 1  
TAKE WITH CALL

SEARCH LOOP 1 INDEX 0
HERE I AM
SEARCH LOOP 1 INDEX 1
HERE I AM
SEARCH LOOP 1 INDEX 2
HERE I AM
SEARCH LOOP 1 INDEX 3
HERE I AM
SEARCH LOOP 1 INDEX 4

Script done on 2026-09-15 21:16:54+00:00 [COMMAND_EXIT_CODE="139"]
